2026-07-27 11:04:22 | INFO     | [JARVIS] Connecting...
2026-07-27 11:04:22 | INFO     | [JARVIS] Connecting...
2026-07-27 11:04:24 | INFO     | [Dashboard] http://10.21.3.118:8000
2026-07-27 11:04:24 | INFO     | [Dashboard] http://10.21.3.118:8000
2026-07-27 11:04:24 | INFO     | [Dashboard] Press 'Remote Control' in JARVIS UI to get the QR code.
2026-07-27 11:04:24 | INFO     | [Dashboard] Press 'Remote Control' in JARVIS UI to get the QR code.
2026-07-27 11:04:26 | INFO     | [JARVIS] Connected.
2026-07-27 11:04:26 | INFO     | [JARVIS] Connected.
2026-07-27 11:04:26 | INFO     | [JARVIS] 🎤 Mic started
2026-07-27 11:04:26 | INFO     | [JARVIS] 🎤 Mic started
2026-07-27 11:04:26 | INFO     | [JARVIS] 🎤 Mic stream open
2026-07-27 11:04:26 | INFO     | [JARVIS] 🎤 Mic stream open
2026-07-27 11:04:26 | INFO     | [JARVIS] 👂 Recv started
2026-07-27 11:04:26 | INFO     | [JARVIS] 👂 Recv started
2026-07-27 11:04:28 | INFO     | [Dashboard] One-time network setup required.
2026-07-27 11:04:28 | INFO     | [Dashboard] One-time network setup required.
2026-07-27 11:04:28 | INFO     | [Dashboard] >>> A Windows security dialog will appear — click 'Yes' <<<
2026-07-27 11:04:28 | INFO     | [Dashboard] >>> A Windows security dialog will appear — click 'Yes' <<<
2026-07-27 11:04:32 | INFO     | [Dashboard] Setup was not allowed.
2026-07-27 11:04:32 | INFO     | [Dashboard] Setup was not allowed.
2026-07-27 11:04:32 | INFO     | [Dashboard] Phone connections may fail until JARVIS is run as Administrator.
2026-07-27 11:04:32 | INFO     | [Dashboard] Phone connections may fail until JARVIS is run as Administrator.
2026-07-27 11:09:17 | INFO     | [FlightFinder] ▶️ pune → guwahati | 2026-07-28 | economy | 1 pax
2026-07-27 11:09:17 | INFO     | [FlightFinder] ▶️ pune → guwahati | 2026-07-28 | economy | 1 pax
2026-07-27 11:09:17 | INFO     | [FlightFinder] 🌐 Opening: https://www.google.com/travel/flights?q=Flights+from+pune+to+guwahati+on+2026-07-28&tfs=CBwQAhoeEgoyMDI1LTAzLTE1agcIARIDSVNUcgcIARIDTEhS&curr=USD&cabin=1&adults=1
2026-07-27 11:09:17 | INFO     | [FlightFinder] 🌐 Opening: https://www.google.com/travel/flights?q=Flights+from+pune+to+guwahati+on+2026-07-28&tfs=CBwQAhoeEgoyMDI1LTAzLTE1agcIARIDSVNUcgcIARIDTEhS&curr=USD&cabin=1&adults=1
2026-07-27 11:09:18 | INFO     | [Browser] Opened in your default browser: https://www.google.com/travel/flights?q=Flights+
2026-07-27 11:09:18 | INFO     | [Browser] Opened in your default browser: https://www.google.com/travel/flights?q=Flights+
2026-07-27 11:09:24 | INFO     | [Registry] New session: edge
2026-07-27 11:09:24 | INFO     | [Registry] New session: edge
2026-07-27 11:09:24 | INFO     | [Browser] ✅ Real profile found for edge: C:\Users\nandeesh.bhatrai\AppData\Local\Microsoft\Edge\User Data
2026-07-27 11:09:24 | INFO     | [Browser] ✅ Real profile found for edge: C:\Users\nandeesh.bhatrai\AppData\Local\Microsoft\Edge\User Data
2026-07-27 11:09:25 | INFO     | [Browser] ⚠️  Real profile failed for edge/msedge: BrowserType.launch_persistent_context: Opening in existing browser session. This usually means that the profile is already in use by another instance of Chromium.
2026-07-27 11:09:25 | INFO     | [Browser] ⚠️  Real profile failed for edge/msedge: BrowserType.launch_persistent_context: Opening in existing browser session. This usually means that the profile is already in use by another instance of Chromium.
2026-07-27 11:09:25 | INFO     | Call log:
2026-07-27 11:09:25 | INFO     | Call log:
2026-07-27 11:09:25 | INFO     |   - <launching> C:\Program Files (x86)\Microsoft\Edge\Application\msedge.exe --disable-field-trial-config --disable-background-networking --disable-background-timer-throttling --disable-backgrounding-occluded-windows --disable-back-forward-cache --disable-breakpad --disable-client-side-phishing-detection --disable-component-extensions-with-background-pages --disable-component-update --no-default-browser-check --disable-default-apps --disable-dev-shm-usage --disable-edgeupdater --disable-extensions --disable-features=AvoidUnnecessaryBeforeUnloadCheckSync,BoundaryEventDispatchTracksNodeRemoval,DestroyProfileOnBrowserClose,DialMediaRouteProvider,GlobalMediaControls,HttpsUpgrades,LensOverlay,MediaRouter,PaintHolding,ThirdPartyStoragePartitioning,Translate,AutoDeElevate,RenderDocument,OptimizationHints,msForceBrowserSignIn,msEdgeUpdateLaunchServicesPreferredVersion --enable-features=CDPScreenshotNewSurface --allow-pre-commit-input --disable-hang-monitor --disable-ipc-flooding-protection --disable-popup-blocking --disable-prompt-on-repost --disable-renderer-backgrounding --force-color-profile=srgb --metrics-recording-only --no-first-run --password-store=basic --use-mock-keychain --no-service-autorun --export-tagged-pdf --disable-search-engine-choice-screen --unsafely-disable-devtools-self-xss-warnings --edge-skip-compat-layer-relaunch --disable-infobars --disable-search-engine-choice-screen --disable-sync --enable-unsafe-swiftshader --no-sandbox --start-maximized --disable-blink-features=AutomationControlled --no-first-run --disable-default-apps --no-default-browser-check --user-data-dir=C:\Users\nandeesh.bhatrai\AppData\Local\Microsoft\Edge\User Data --remote-debugging-pipe about:blank
2026-07-27 11:09:25 | INFO     |   - <launching> C:\Program Files (x86)\Microsoft\Edge\Application\msedge.exe --disable-field-trial-config --disable-background-networking --disable-background-timer-throttling --disable-backgrounding-occluded-windows --disable-back-forward-cache --disable-breakpad --disable-client-side-phishing-detection --disable-component-extensions-with-background-pages --disable-component-update --no-default-browser-check --disable-default-apps --disable-dev-shm-usage --disable-edgeupdater --disable-extensions --disable-features=AvoidUnnecessaryBeforeUnloadCheckSync,BoundaryEventDispatchTracksNodeRemoval,DestroyProfileOnBrowserClose,DialMediaRouteProvider,GlobalMediaControls,HttpsUpgrades,LensOverlay,MediaRouter,PaintHolding,ThirdPartyStoragePartitioning,Translate,AutoDeElevate,RenderDocument,OptimizationHints,msForceBrowserSignIn,msEdgeUpdateLaunchServicesPreferredVersion --enable-features=CDPScreenshotNewSurface --allow-pre-commit-input --disable-hang-monitor --disable-ipc-flooding-protection --disable-popup-blocking --disable-prompt-on-repost --disable-renderer-backgrounding --force-color-profile=srgb --metrics-recording-only --no-first-run --password-store=basic --use-mock-keychain --no-service-autorun --export-tagged-pdf --disable-search-engine-choice-screen --unsafely-disable-devtools-self-xss-warnings --edge-skip-compat-layer-relaunch --disable-infobars --disable-search-engine-choice-screen --disable-sync --enable-unsafe-swiftshader --no-sandbox --start-maximized --disable-blink-features=AutomationControlled --no-first-run --disable-default-apps --no-default-browser-check --user-data-dir=C:\Users\nandeesh.bhatrai\AppData\Local\Microsoft\Edge\User Data --remote-debugging-pipe about:blank
2026-07-27 11:09:25 | INFO     |   - <launched> pid=29040
2026-07-27 11:09:25 | INFO     |   - <launched> pid=29040
2026-07-27 11:09:25 | INFO     |   - [pid=29040][out] Opening in existing browser session.
2026-07-27 11:09:25 | INFO     |   - [pid=29040][out] Opening in existing browser session.
2026-07-27 11:09:25 | INFO     |   - [pid=29040] <gracefully close start>
2026-07-27 11:09:25 | INFO     |   - [pid=29040] <gracefully close start>
2026-07-27 11:09:25 | INFO     |   - [pid=29040] <kill>
2026-07-27 11:09:25 | INFO     |   - [pid=29040] <kill>
2026-07-27 11:09:25 | INFO     |   - [pid=29040] <will force kill>
2026-07-27 11:09:25 | INFO     |   - [pid=29040] <will force kill>
2026-07-27 11:09:25 | INFO     |   - [pid=29040] taskkill stderr: ERROR: The process "29040" not found.
2026-07-27 11:09:25 | INFO     |   - [pid=29040] taskkill stderr: ERROR: The process "29040" not found.
2026-07-27 11:09:25 | INFO     |   - [pid=29040] <process did exit: exitCode=0, signal=null>
2026-07-27 11:09:25 | INFO     |   - [pid=29040] <process did exit: exitCode=0, signal=null>
2026-07-27 11:09:25 | INFO     |   - [pid=29040] starting temporary directories cleanup
2026-07-27 11:09:25 | INFO     |   - [pid=29040] starting temporary directories cleanup
2026-07-27 11:09:25 | INFO     |   - [pid=29040] finished temporary directories cleanup
2026-07-27 11:09:25 | INFO     |   - [pid=29040] finished temporary directories cleanup
2026-07-27 11:09:25 | INFO     |   - [pid=29040] <gracefully close end>
2026-07-27 11:09:25 | INFO     |   - [pid=29040] <gracefully close end>
2026-07-27 11:09:25 | INFO     | [Browser] Retrying with JARVIS profile: C:\Users\nandeesh.bhatrai\.jarvis_profiles\edge
2026-07-27 11:09:25 | INFO     | [Browser] Retrying with JARVIS profile: C:\Users\nandeesh.bhatrai\.jarvis_profiles\edge
2026-07-27 11:09:26 | INFO     | [Browser] ✅ Launched [edge/msedge] with JARVIS profile (sign-ins persist across sessions)
2026-07-27 11:09:26 | INFO     | [Browser] ✅ Launched [edge/msedge] with JARVIS profile (sign-ins persist across sessions)
2026-07-27 11:09:29 | INFO     | [Browser] Skip to main content
2026-07-27 11:09:29 | INFO     | [Browser] Skip to main content
2026-07-27 11:09:29 | INFO     | Accessibility feedback
2026-07-27 11:09:29 | INFO     | Accessibility feedback
2026-07-27 11:09:29 | INFO     | Explore
2026-07-27 11:09:29 | INFO     | Explore
2026-07-27 11:09:29 | INFO     | Flights
2026-07-27 11:09:29 | INFO     | Flights
2026-07-27 11:09:29 | INFO     | Hotels
2026-07-27 11:09:29 | INFO     | Hotels
2026-07-27 11:09:29 | INFO     | Vacation rent
2026-07-27 11:09:29 | INFO     | Vacation rent
2026-07-27 11:09:31 | INFO     | [JARVIS] 📤 flight_finder → I couldn't find any flights from pune to guwahati on 2026-07-28, sir. The page m
2026-07-27 11:09:31 | INFO     | [JARVIS] 📤 flight_finder → I couldn't find any flights from pune to guwahati on 2026-07-28, sir. The page m
2026-07-27 11:09:34 | INFO     | [WebSearch] 🔍 mode='search'  query='cheapest flights from Pune to Guwahati for 2026-07-28 duration under 12 hours'
2026-07-27 11:09:34 | INFO     | [WebSearch] 🔍 mode='search'  query='cheapest flights from Pune to Guwahati for 2026-07-28 duration under 12 hours'
2026-07-27 11:09:40 | INFO     | [JARVIS] 📤 web_search → For July 28, 2026, the cheapest flight found from Pune to Guwahati with a durati
2026-07-27 11:09:40 | INFO     | [JARVIS] 📤 web_search → For July 28, 2026, the cheapest flight found from Pune to Guwahati with a durati
2026-07-27 11:10:21 | INFO     | [WebSearch] 🔍 mode='search'  query='86 USD to INR'
2026-07-27 11:10:21 | INFO     | [WebSearch] 🔍 mode='search'  query='86 USD to INR'
2026-07-27 11:10:30 | INFO     | [JARVIS] 📤 web_search → As of today, July 27, 2026, the conversion of 86 USD to INR varies slightly depe
2026-07-27 11:10:30 | INFO     | [JARVIS] 📤 web_search → As of today, July 27, 2026, the conversion of 86 USD to INR varies slightly depe
2026-07-27 11:11:45 | INFO     | [Browser] Opened in chrome: https://www.google.com/search?q=IndiGo+flight+Pune+to+Guwahati
2026-07-27 11:11:45 | INFO     | [Browser] Opened in chrome: https://www.google.com/search?q=IndiGo+flight+Pune+to+Guwahati
2026-07-27 11:11:45 | INFO     | [JARVIS] 📤 browser_control → Opened in chrome: https://www.google.com/search?q=IndiGo+flight+Pune+to+Guwahati
2026-07-27 11:11:45 | INFO     | [JARVIS] 📤 browser_control → Opened in chrome: https://www.google.com/search?q=IndiGo+flight+Pune+to+Guwahati
2026-07-27 11:12:44 | INFO     | [Browser] Browser error (go_to): BrowserContext.new_page: Target page, context or browser 
2026-07-27 11:12:44 | INFO     | [Browser] Browser error (go_to): BrowserContext.new_page: Target page, context or browser 
2026-07-27 11:12:44 | INFO     | [JARVIS] 📤 browser_control → Browser error (go_to): BrowserContext.new_page: Target page, context or browser 
2026-07-27 11:12:44 | INFO     | [JARVIS] 📤 browser_control → Browser error (go_to): BrowserContext.new_page: Target page, context or browser 
2026-07-27 11:12:45 | INFO     | [Browser] Opened chrome.
2026-07-27 11:12:45 | INFO     | [Browser] Opened chrome.
2026-07-27 11:12:45 | INFO     | [JARVIS] 📤 browser_control → Opened chrome.
2026-07-27 11:12:45 | INFO     | [JARVIS] 📤 browser_control → Opened chrome.
2026-07-27 11:12:47 | INFO     | [Browser] Opened in chrome: https://www.expedia.com/flights
2026-07-27 11:12:47 | INFO     | [Browser] Opened in chrome: https://www.expedia.com/flights
2026-07-27 11:12:47 | INFO     | [JARVIS] 📤 browser_control → Opened in chrome: https://www.expedia.com/flights
2026-07-27 11:12:47 | INFO     | [JARVIS] 📤 browser_control → Opened in chrome: https://www.expedia.com/flights
2026-07-27 11:12:48 | INFO     | [ComputerControl] ▶ wait  {'action': 'wait', 'seconds': 5}
2026-07-27 11:12:48 | INFO     | [ComputerControl] ▶ wait  {'action': 'wait', 'seconds': 5}
2026-07-27 11:12:53 | INFO     | [JARVIS] 📤 computer_control → Waited 5.0s
2026-07-27 11:12:53 | INFO     | [JARVIS] 📤 computer_control → Waited 5.0s
2026-07-27 11:12:56 | INFO     | [Registry] New session: chrome
2026-07-27 11:12:56 | INFO     | [Registry] New session: chrome
2026-07-27 11:12:56 | INFO     | [Browser] ✅ Real profile found for chrome: C:\Users\nandeesh.bhatrai\AppData\Local\Google\Chrome\User Data
2026-07-27 11:12:56 | INFO     | [Browser] ✅ Real profile found for chrome: C:\Users\nandeesh.bhatrai\AppData\Local\Google\Chrome\User Data
2026-07-27 11:12:57 | INFO     | [Browser] ⚠️  Real profile failed for chrome/chrome: BrowserType.launch_persistent_context: Opening in existing browser session. This usually means that the profile is already in use by another instance of Chromium.
2026-07-27 11:12:57 | INFO     | [Browser] ⚠️  Real profile failed for chrome/chrome: BrowserType.launch_persistent_context: Opening in existing browser session. This usually means that the profile is already in use by another instance of Chromium.
2026-07-27 11:12:57 | INFO     | Call log:
2026-07-27 11:12:57 | INFO     | Call log:
2026-07-27 11:12:57 | INFO     |   - <launching> C:\Program Files\Google\Chrome\Application\chrome.exe --disable-field-trial-config --disable-background-networking --disable-background-timer-throttling --disable-backgrounding-occluded-windows --disable-back-forward-cache --disable-breakpad --disable-client-side-phishing-detection --disable-component-extensions-with-background-pages --disable-component-update --no-default-browser-check --disable-default-apps --disable-dev-shm-usage --disable-edgeupdater --disable-extensions --disable-features=AvoidUnnecessaryBeforeUnloadCheckSync,BoundaryEventDispatchTracksNodeRemoval,DestroyProfileOnBrowserClose,DialMediaRouteProvider,GlobalMediaControls,HttpsUpgrades,LensOverlay,MediaRouter,PaintHolding,ThirdPartyStoragePartitioning,Translate,AutoDeElevate,RenderDocument,OptimizationHints,msForceBrowserSignIn,msEdgeUpdateLaunchServicesPreferredVersion --enable-features=CDPScreenshotNewSurface --allow-pre-commit-input --disable-hang-monitor --disable-ipc-flooding-protection --disable-popup-blocking --disable-prompt-on-repost --disable-renderer-backgrounding --force-color-profile=srgb --metrics-recording-only --no-first-run --password-store=basic --use-mock-keychain --no-service-autorun --export-tagged-pdf --disable-search-engine-choice-screen --unsafely-disable-devtools-self-xss-warnings --edge-skip-compat-layer-relaunch --disable-infobars --disable-search-engine-choice-screen --disable-sync --enable-unsafe-swiftshader --no-sandbox --start-maximized --disable-blink-features=AutomationControlled --no-first-run --disable-default-apps --no-default-browser-check --user-data-dir=C:\Users\nandeesh.bhatrai\AppData\Local\Google\Chrome\User Data --remote-debugging-pipe about:blank
2026-07-27 11:12:57 | INFO     |   - <launching> C:\Program Files\Google\Chrome\Application\chrome.exe --disable-field-trial-config --disable-background-networking --disable-background-timer-throttling --disable-backgrounding-occluded-windows --disable-back-forward-cache --disable-breakpad --disable-client-side-phishing-detection --disable-component-extensions-with-background-pages --disable-component-update --no-default-browser-check --disable-default-apps --disable-dev-shm-usage --disable-edgeupdater --disable-extensions --disable-features=AvoidUnnecessaryBeforeUnloadCheckSync,BoundaryEventDispatchTracksNodeRemoval,DestroyProfileOnBrowserClose,DialMediaRouteProvider,GlobalMediaControls,HttpsUpgrades,LensOverlay,MediaRouter,PaintHolding,ThirdPartyStoragePartitioning,Translate,AutoDeElevate,RenderDocument,OptimizationHints,msForceBrowserSignIn,msEdgeUpdateLaunchServicesPreferredVersion --enable-features=CDPScreenshotNewSurface --allow-pre-commit-input --disable-hang-monitor --disable-ipc-flooding-protection --disable-popup-blocking --disable-prompt-on-repost --disable-renderer-backgrounding --force-color-profile=srgb --metrics-recording-only --no-first-run --password-store=basic --use-mock-keychain --no-service-autorun --export-tagged-pdf --disable-search-engine-choice-screen --unsafely-disable-devtools-self-xss-warnings --edge-skip-compat-layer-relaunch --disable-infobars --disable-search-engine-choice-screen --disable-sync --enable-unsafe-swiftshader --no-sandbox --start-maximized --disable-blink-features=AutomationControlled --no-first-run --disable-default-apps --no-default-browser-check --user-data-dir=C:\Users\nandeesh.bhatrai\AppData\Local\Google\Chrome\User Data --remote-debugging-pipe about:blank
2026-07-27 11:12:57 | INFO     |   - <launched> pid=28480
2026-07-27 11:12:57 | INFO     |   - <launched> pid=28480
2026-07-27 11:12:57 | INFO     |   - [pid=28480][out] Opening in existing browser session.
2026-07-27 11:12:57 | INFO     |   - [pid=28480][out] Opening in existing browser session.
2026-07-27 11:12:57 | INFO     |   - [pid=28480] <gracefully close start>
2026-07-27 11:12:57 | INFO     |   - [pid=28480] <gracefully close start>
2026-07-27 11:12:57 | INFO     |   - [pid=28480] <kill>
2026-07-27 11:12:57 | INFO     |   - [pid=28480] <kill>
2026-07-27 11:12:57 | INFO     |   - [pid=28480] <will force kill>
2026-07-27 11:12:57 | INFO     |   - [pid=28480] <will force kill>
2026-07-27 11:12:57 | INFO     |   - [pid=28480] taskkill stderr: ERROR: The process "28480" not found.
2026-07-27 11:12:57 | INFO     |   - [pid=28480] taskkill stderr: ERROR: The process "28480" not found.
2026-07-27 11:12:57 | INFO     |   - [pid=28480] <process did exit: exitCode=0, signal=null>
2026-07-27 11:12:57 | INFO     |   - [pid=28480] <process did exit: exitCode=0, signal=null>
2026-07-27 11:12:57 | INFO     |   - [pid=28480] starting temporary directories cleanup
2026-07-27 11:12:57 | INFO     |   - [pid=28480] starting temporary directories cleanup
2026-07-27 11:12:57 | INFO     |   - [pid=28480] finished temporary directories cleanup
2026-07-27 11:12:57 | INFO     |   - [pid=28480] finished temporary directories cleanup
2026-07-27 11:12:57 | INFO     |   - [pid=28480] <gracefully close end>
2026-07-27 11:12:57 | INFO     |   - [pid=28480] <gracefully close end>
2026-07-27 11:12:57 | INFO     | [Browser] Retrying with JARVIS profile: C:\Users\nandeesh.bhatrai\.jarvis_profiles\chrome
2026-07-27 11:12:57 | INFO     | [Browser] Retrying with JARVIS profile: C:\Users\nandeesh.bhatrai\.jarvis_profiles\chrome
2026-07-27 11:12:58 | INFO     | [Browser] ✅ Launched [chrome/chrome] with JARVIS profile (sign-ins persist across sessions)
2026-07-27 11:12:58 | INFO     | [Browser] ✅ Launched [chrome/chrome] with JARVIS profile (sign-ins persist across sessions)
2026-07-27 11:13:03 | INFO     | [Browser] Could not find input: 'Origin city or airport'
2026-07-27 11:13:03 | INFO     | [Browser] Could not find input: 'Origin city or airport'
2026-07-27 11:13:03 | INFO     | [JARVIS] 📤 browser_control → Could not find input: 'Origin city or airport'
2026-07-27 11:13:03 | INFO     | [JARVIS] 📤 browser_control → Could not find input: 'Origin city or airport'
2026-07-27 11:13:59 | INFO     | [JARVIS] 📤 shutdown_jarvis → Done.
2026-07-27 11:13:59 | INFO     | [JARVIS] 📤 shutdown_jarvis → Done.
